dasdasdassda
